2026-02-10 21:59:15,268 - INFO - Starting data ingestion...
2026-02-10 21:59:15,283 - INFO - Data ingestion completed. Dataset shape: (5500, 17)
2026-02-10 21:59:15,283 - INFO - Starting data preprocessing...
2026-02-10 21:59:15,283 - INFO - Data preprocessing completed. Dataset shape after preprocessing: (5500, 17)
2026-02-10 21:59:15,283 - INFO - Starting model building...
2026-02-10 21:59:15,287 - INFO - Model building completed. Preprocessor and pipelines created successfully.
2026-02-10 21:59:15,287 - INFO - Starting model training and evaluation...
2026-02-10 21:59:15,287 - INFO - Training LinearRegression...
2026-02-10 21:59:15,318 - INFO - LinearRegression Done.
2026-02-10 21:59:15,318 - INFO - Training DecisionTreeRegressor...
2026-02-10 21:59:15,404 - INFO - DecisionTreeRegressor Done.
2026-02-10 21:59:15,404 - INFO - Training RandomForestRegressor...
2026-02-10 21:59:19,029 - INFO - RandomForestRegressor Done.
2026-02-10 21:59:19,029 - INFO - Training GradientBoostingRegressor...
2026-02-10 21:59:20,268 - INFO - GradientBoostingRegressor Done.
2026-02-10 21:59:20,268 - INFO - Training AdaBoostRegressor...
2026-02-10 21:59:20,906 - INFO - AdaBoostRegressor Done.
2026-02-10 21:59:20,906 - INFO - Training SVR...
2026-02-10 21:59:22,300 - INFO - SVR Done.
2026-02-10 21:59:22,300 - INFO - Training KNeighborsRegressor...
2026-02-10 21:59:22,356 - INFO - KNeighborsRegressor Done.
